[debug] [2025-04-16T22:22:42.328Z] ----------------------------------------------------------------------
[debug] [2025-04-16T22:22:42.332Z] Command:       /usr/local/Cellar/node/23.11.0/bin/node /usr/local/bin/firebase deploy --only functions --debug
[debug] [2025-04-16T22:22:42.332Z] CLI Version:   14.1.0
[debug] [2025-04-16T22:22:42.333Z] Platform:      darwin
[debug] [2025-04-16T22:22:42.333Z] Node Version:  v23.11.0
[debug] [2025-04-16T22:22:42.333Z] Time:          Wed Apr 16 2025 18:22:42 GMT-0400 (Eastern Daylight Time)
[debug] [2025-04-16T22:22:42.333Z] ----------------------------------------------------------------------
[debug] 
[debug] [2025-04-16T22:22:42.540Z] > command requires scopes: ["email","openid","https://www.googleapis.com/auth/cloudplatformprojects.readonly","https://www.googleapis.com/auth/firebase","https://www.googleapis.com/auth/cloud-platform"]
[debug] [2025-04-16T22:22:42.541Z] > authorizing via signed-in user (usman.k1219@gmail.com)
[debug] [2025-04-16T22:22:42.541Z] [iam] checking project glance-45cde for permissions ["cloudfunctions.functions.create","cloudfunctions.functions.delete","cloudfunctions.functions.get","cloudfunctions.functions.list","cloudfunctions.functions.update","cloudfunctions.operations.get","firebase.projects.get"]
[debug] [2025-04-16T22:22:42.542Z] Checked if tokens are valid: true, expires at: 1744844021978
[debug] [2025-04-16T22:22:42.542Z] Checked if tokens are valid: true, expires at: 1744844021978
[debug] [2025-04-16T22:22:42.543Z] >>> [apiv2][query] POST https://cloudresourcemanager.googleapis.com/v1/projects/glance-45cde:testIamPermissions [none]
[debug] [2025-04-16T22:22:42.543Z] >>> [apiv2][(partial)header] POST https://cloudresourcemanager.googleapis.com/v1/projects/glance-45cde:testIamPermissions x-goog-quota-user=projects/glance-45cde
[debug] [2025-04-16T22:22:42.543Z] >>> [apiv2][body] POST https://cloudresourcemanager.googleapis.com/v1/projects/glance-45cde:testIamPermissions {"permissions":["cloudfunctions.functions.create","cloudfunctions.functions.delete","cloudfunctions.functions.get","cloudfunctions.functions.list","cloudfunctions.functions.update","cloudfunctions.operations.get","firebase.projects.get"]}
[debug] [2025-04-16T22:22:42.799Z] <<< [apiv2][status] POST https://cloudresourcemanager.googleapis.com/v1/projects/glance-45cde:testIamPermissions 200
[debug] [2025-04-16T22:22:42.799Z] <<< [apiv2][body] POST https://cloudresourcemanager.googleapis.com/v1/projects/glance-45cde:testIamPermissions {"permissions":["cloudfunctions.functions.create","cloudfunctions.functions.delete","cloudfunctions.functions.get","cloudfunctions.functions.list","cloudfunctions.functions.update","cloudfunctions.operations.get","firebase.projects.get"]}
[debug] [2025-04-16T22:22:42.799Z] Checked if tokens are valid: true, expires at: 1744844021978
[debug] [2025-04-16T22:22:42.800Z] Checked if tokens are valid: true, expires at: 1744844021978
[debug] [2025-04-16T22:22:42.800Z] >>> [apiv2][query] POST https://iam.googleapis.com/v1/projects/glance-45cde/serviceAccounts/glance-45cde@appspot.gserviceaccount.com:testIamPermissions [none]
[debug] [2025-04-16T22:22:42.800Z] >>> [apiv2][body] POST https://iam.googleapis.com/v1/projects/glance-45cde/serviceAccounts/glance-45cde@appspot.gserviceaccount.com:testIamPermissions {"permissions":["iam.serviceAccounts.actAs"]}
[debug] [2025-04-16T22:22:43.131Z] <<< [apiv2][status] POST https://iam.googleapis.com/v1/projects/glance-45cde/serviceAccounts/glance-45cde@appspot.gserviceaccount.com:testIamPermissions 200
[debug] [2025-04-16T22:22:43.131Z] <<< [apiv2][body] POST https://iam.googleapis.com/v1/projects/glance-45cde/serviceAccounts/glance-45cde@appspot.gserviceaccount.com:testIamPermissions {"permissions":["iam.serviceAccounts.actAs"]}
[info] 
[info] === Deploying to 'glance-45cde'...
[info] 
[info] i  deploying functions 
[info] Running command: npm --prefix "$RESOURCE_DIR" run lint
[info] Running command: npm --prefix "$RESOURCE_DIR" run build
[error] 
[error] Error: functions predeploy error: Command terminated with non-zero exit code 2
